// Jest Snapshot v1, https://goo.gl/fbAQLP

exports[`MovementUtil should render the departure status if present 1`] = `
<strong
  className="hods-tag hods-tag--green airpax-status"
>
  DC
</strong>
`;
